Copyright 1986-2022 Xilinx, Inc. All Rights Reserved.
------------------------------------------------------------------------------------------------------------------------------
| Tool Version : Vivado v.2022.2 (win64) Build 3671981 Fri Oct 14 05:00:03 MDT 2022
| Date         : Tue Dec  5 21:03:56 2023
| Host         : DESKTOP-T2LGR09 running 64-bit major release  (build 9200)
| Command      : report_drc -file rvfpgaboolean_drc_opted.rpt -pb rvfpgaboolean_drc_opted.pb -rpx rvfpgaboolean_drc_opted.rpx
| Design       : rvfpgaboolean
| Device       : xc7s50csga324-1
| Speed File   : -1
| Design State : Synthesized
------------------------------------------------------------------------------------------------------------------------------

Report DRC

Table of Contents
-----------------
1. REPORT SUMMARY
2. REPORT DETAILS

1. REPORT SUMMARY
-----------------
            Netlist: netlist
          Floorplan: design_1
      Design limits: <entire design considered>
           Ruledeck: default
             Max violations: <unlimited>
             Violations found: 50
+-----------+----------+----------------------------+------------+
| Rule      | Severity | Description                | Violations |
+-----------+----------+----------------------------+------------+
| CHECK-3   | Warning  | Report rule limit reached  | 3          |
| DPIP-1    | Warning  | Input pipelining           | 7          |
| REQP-1839 | Warning  | RAMB36 async control check | 20         |
| REQP-1840 | Warning  | RAMB18 async control check | 20         |
+-----------+----------+----------------------------+------------+

2. REPORT DETAILS
-----------------
CHECK-3#1 Warning
Report rule limit reached  
REQP-1839 rule limit reached: 20 violations have been found.
Related violations: <none>

CHECK-3#2 Warning
Report rule limit reached  
REQP-1840 rule limit reached: 20 violations have been found.
Related violations: <none>

CHECK-3#3 Warning
Report rule limit reached  
REQP-1840 rule limit reached: 20 violations have been found.
Related violations: <none>

DPIP-1#1 Warning
Input pipelining  
DSP veerwolf/rvtop/veer/exu/i_mul/prod_x0 input veerwolf/rvtop/veer/exu/i_mul/prod_x0/A[29:0] is not pipelined. Pipelining DSP48 input will improve performance.
Related violations: <none>

DPIP-1#2 Warning
Input pipelining  
DSP veerwolf/rvtop/veer/exu/i_mul/prod_x0 input veerwolf/rvtop/veer/exu/i_mul/prod_x0/B[17:0] is not pipelined. Pipelining DSP48 input will improve performance.
Related violations: <none>

DPIP-1#3 Warning
Input pipelining  
DSP veerwolf/rvtop/veer/exu/i_mul/prod_x0__0 input veerwolf/rvtop/veer/exu/i_mul/prod_x0__0/A[29:0] is not pipelined. Pipelining DSP48 input will improve performance.
Related violations: <none>

DPIP-1#4 Warning
Input pipelining  
DSP veerwolf/rvtop/veer/exu/i_mul/prod_x0__0 input veerwolf/rvtop/veer/exu/i_mul/prod_x0__0/B[17:0] is not pipelined. Pipelining DSP48 input will improve performance.
Related violations: <none>

DPIP-1#5 Warning
Input pipelining  
DSP veerwolf/rvtop/veer/exu/i_mul/prod_x0__1 input veerwolf/rvtop/veer/exu/i_mul/prod_x0__1/A[29:0] is not pipelined. Pipelining DSP48 input will improve performance.
Related violations: <none>

DPIP-1#6 Warning
Input pipelining  
DSP veerwolf/rvtop/veer/exu/i_mul/prod_x0__1 input veerwolf/rvtop/veer/exu/i_mul/prod_x0__1/B[17:0] is not pipelined. Pipelining DSP48 input will improve performance.
Related violations: <none>

DPIP-1#7 Warning
Input pipelining  
DSP veerwolf/rvtop/veer/exu/i_mul/prod_x0__2 input veerwolf/rvtop/veer/exu/i_mul/prod_x0__2/B[17:0] is not pipelined. Pipelining DSP48 input will improve performance.
Related violations: <none>

REQP-1839#1 Warning
RAMB36 async control check  
The RAMB36E1 ram/mem_reg_0_0 has an input control pin ram/mem_reg_0_0/ENARDEN (net: ram/mem_wr_en) which is driven by a register (veerwolf/axi_intercon/axi_xbar/gen_slv_port_demux[1].i_axi_demux/gen_demux.i_w_fifo/mem_q_reg[0][0]) that has an active asychronous set or reset. This may cause corruption of the memory contents and/or read values when the set/reset is asserted and is not analyzed by the default static timing analysis. It is suggested to eliminate the use of a set/reset to registers driving this RAMB pin or else use a synchronous reset in which the assertion of the reset is timed by default.
Related violations: <none>

REQP-1839#2 Warning
RAMB36 async control check  
The RAMB36E1 ram/mem_reg_0_0 has an input control pin ram/mem_reg_0_0/ENARDEN (net: ram/mem_wr_en) which is driven by a register (veerwolf/axi_intercon/axi_xbar/gen_slv_port_demux[1].i_axi_demux/gen_demux.i_w_fifo/mem_q_reg[0][1]) that has an active asychronous set or reset. This may cause corruption of the memory contents and/or read values when the set/reset is asserted and is not analyzed by the default static timing analysis. It is suggested to eliminate the use of a set/reset to registers driving this RAMB pin or else use a synchronous reset in which the assertion of the reset is timed by default.
Related violations: <none>

REQP-1839#3 Warning
RAMB36 async control check  
The RAMB36E1 ram/mem_reg_0_0 has an input control pin ram/mem_reg_0_0/ENARDEN (net: ram/mem_wr_en) which is driven by a register (veerwolf/axi_intercon/axi_xbar/gen_slv_port_demux[1].i_axi_demux/gen_demux.i_w_fifo/mem_q_reg[1][0]) that has an active asychronous set or reset. This may cause corruption of the memory contents and/or read values when the set/reset is asserted and is not analyzed by the default static timing analysis. It is suggested to eliminate the use of a set/reset to registers driving this RAMB pin or else use a synchronous reset in which the assertion of the reset is timed by default.
Related violations: <none>

REQP-1839#4 Warning
RAMB36 async control check  
The RAMB36E1 ram/mem_reg_0_0 has an input control pin ram/mem_reg_0_0/ENARDEN (net: ram/mem_wr_en) which is driven by a register (veerwolf/axi_intercon/axi_xbar/gen_slv_port_demux[1].i_axi_demux/gen_demux.i_w_fifo/mem_q_reg[1][1]) that has an active asychronous set or reset. This may cause corruption of the memory contents and/or read values when the set/reset is asserted and is not analyzed by the default static timing analysis. It is suggested to eliminate the use of a set/reset to registers driving this RAMB pin or else use a synchronous reset in which the assertion of the reset is timed by default.
Related violations: <none>

REQP-1839#5 Warning
RAMB36 async control check  
The RAMB36E1 ram/mem_reg_0_0 has an input control pin ram/mem_reg_0_0/ENARDEN (net: ram/mem_wr_en) which is driven by a register (veerwolf/axi_intercon/axi_xbar/gen_slv_port_demux[1].i_axi_demux/gen_demux.i_w_fifo/mem_q_reg[2][0]) that has an active asychronous set or reset. This may cause corruption of the memory contents and/or read values when the set/reset is asserted and is not analyzed by the default static timing analysis. It is suggested to eliminate the use of a set/reset to registers driving this RAMB pin or else use a synchronous reset in which the assertion of the reset is timed by default.
Related violations: <none>

REQP-1839#6 Warning
RAMB36 async control check  
The RAMB36E1 ram/mem_reg_0_0 has an input control pin ram/mem_reg_0_0/ENARDEN (net: ram/mem_wr_en) which is driven by a register (veerwolf/axi_intercon/axi_xbar/gen_slv_port_demux[1].i_axi_demux/gen_demux.i_w_fifo/mem_q_reg[2][1]) that has an active asychronous set or reset. This may cause corruption of the memory contents and/or read values when the set/reset is asserted and is not analyzed by the default static timing analysis. It is suggested to eliminate the use of a set/reset to registers driving this RAMB pin or else use a synchronous reset in which the assertion of the reset is timed by default.
Related violations: <none>

REQP-1839#7 Warning
RAMB36 async control check  
The RAMB36E1 ram/mem_reg_0_0 has an input control pin ram/mem_reg_0_0/ENARDEN (net: ram/mem_wr_en) which is driven by a register (veerwolf/axi_intercon/axi_xbar/gen_slv_port_demux[1].i_axi_demux/gen_demux.i_w_fifo/mem_q_reg[3][0]) that has an active asychronous set or reset. This may cause corruption of the memory contents and/or read values when the set/reset is asserted and is not analyzed by the default static timing analysis. It is suggested to eliminate the use of a set/reset to registers driving this RAMB pin or else use a synchronous reset in which the assertion of the reset is timed by default.
Related violations: <none>

REQP-1839#8 Warning
RAMB36 async control check  
The RAMB36E1 ram/mem_reg_0_0 has an input control pin ram/mem_reg_0_0/ENARDEN (net: ram/mem_wr_en) which is driven by a register (veerwolf/axi_intercon/axi_xbar/gen_slv_port_demux[1].i_axi_demux/gen_demux.i_w_fifo/mem_q_reg[3][1]) that has an active asychronous set or reset. This may cause corruption of the memory contents and/or read values when the set/reset is asserted and is not analyzed by the default static timing analysis. It is suggested to eliminate the use of a set/reset to registers driving this RAMB pin or else use a synchronous reset in which the assertion of the reset is timed by default.
Related violations: <none>

REQP-1839#9 Warning
RAMB36 async control check  
The RAMB36E1 ram/mem_reg_0_0 has an input control pin ram/mem_reg_0_0/ENARDEN (net: ram/mem_wr_en) which is driven by a register (veerwolf/axi_intercon/axi_xbar/gen_slv_port_demux[1].i_axi_demux/gen_demux.i_w_fifo/mem_q_reg[4][0]) that has an active asychronous set or reset. This may cause corruption of the memory contents and/or read values when the set/reset is asserted and is not analyzed by the default static timing analysis. It is suggested to eliminate the use of a set/reset to registers driving this RAMB pin or else use a synchronous reset in which the assertion of the reset is timed by default.
Related violations: <none>

REQP-1839#10 Warning
RAMB36 async control check  
The RAMB36E1 ram/mem_reg_0_0 has an input control pin ram/mem_reg_0_0/ENARDEN (net: ram/mem_wr_en) which is driven by a register (veerwolf/axi_intercon/axi_xbar/gen_slv_port_demux[1].i_axi_demux/gen_demux.i_w_fifo/mem_q_reg[4][1]) that has an active asychronous set or reset. This may cause corruption of the memory contents and/or read values when the set/reset is asserted and is not analyzed by the default static timing analysis. It is suggested to eliminate the use of a set/reset to registers driving this RAMB pin or else use a synchronous reset in which the assertion of the reset is timed by default.
Related violations: <none>

REQP-1839#11 Warning
RAMB36 async control check  
The RAMB36E1 ram/mem_reg_0_0 has an input control pin ram/mem_reg_0_0/ENARDEN (net: ram/mem_wr_en) which is driven by a register (veerwolf/axi_intercon/axi_xbar/gen_slv_port_demux[1].i_axi_demux/gen_demux.i_w_fifo/mem_q_reg[5][0]) that has an active asychronous set or reset. This may cause corruption of the memory contents and/or read values when the set/reset is asserted and is not analyzed by the default static timing analysis. It is suggested to eliminate the use of a set/reset to registers driving this RAMB pin or else use a synchronous reset in which the assertion of the reset is timed by default.
Related violations: <none>

REQP-1839#12 Warning
RAMB36 async control check  
The RAMB36E1 ram/mem_reg_0_0 has an input control pin ram/mem_reg_0_0/ENARDEN (net: ram/mem_wr_en) which is driven by a register (veerwolf/axi_intercon/axi_xbar/gen_slv_port_demux[1].i_axi_demux/gen_demux.i_w_fifo/mem_q_reg[5][1]) that has an active asychronous set or reset. This may cause corruption of the memory contents and/or read values when the set/reset is asserted and is not analyzed by the default static timing analysis. It is suggested to eliminate the use of a set/reset to registers driving this RAMB pin or else use a synchronous reset in which the assertion of the reset is timed by default.
Related violations: <none>

REQP-1839#13 Warning
RAMB36 async control check  
The RAMB36E1 ram/mem_reg_0_0 has an input control pin ram/mem_reg_0_0/ENARDEN (net: ram/mem_wr_en) which is driven by a register (veerwolf/axi_intercon/axi_xbar/gen_slv_port_demux[1].i_axi_demux/gen_demux.i_w_fifo/mem_q_reg[6][0]) that has an active asychronous set or reset. This may cause corruption of the memory contents and/or read values when the set/reset is asserted and is not analyzed by the default static timing analysis. It is suggested to eliminate the use of a set/reset to registers driving this RAMB pin or else use a synchronous reset in which the assertion of the reset is timed by default.
Related violations: <none>

REQP-1839#14 Warning
RAMB36 async control check  
The RAMB36E1 ram/mem_reg_0_0 has an input control pin ram/mem_reg_0_0/ENARDEN (net: ram/mem_wr_en) which is driven by a register (veerwolf/axi_intercon/axi_xbar/gen_slv_port_demux[1].i_axi_demux/gen_demux.i_w_fifo/mem_q_reg[6][1]) that has an active asychronous set or reset. This may cause corruption of the memory contents and/or read values when the set/reset is asserted and is not analyzed by the default static timing analysis. It is suggested to eliminate the use of a set/reset to registers driving this RAMB pin or else use a synchronous reset in which the assertion of the reset is timed by default.
Related violations: <none>

REQP-1839#15 Warning
RAMB36 async control check  
The RAMB36E1 ram/mem_reg_0_0 has an input control pin ram/mem_reg_0_0/ENARDEN (net: ram/mem_wr_en) which is driven by a register (veerwolf/axi_intercon/axi_xbar/gen_slv_port_demux[1].i_axi_demux/gen_demux.i_w_fifo/mem_q_reg[7][0]) that has an active asychronous set or reset. This may cause corruption of the memory contents and/or read values when the set/reset is asserted and is not analyzed by the default static timing analysis. It is suggested to eliminate the use of a set/reset to registers driving this RAMB pin or else use a synchronous reset in which the assertion of the reset is timed by default.
Related violations: <none>

REQP-1839#16 Warning
RAMB36 async control check  
The RAMB36E1 ram/mem_reg_0_0 has an input control pin ram/mem_reg_0_0/ENARDEN (net: ram/mem_wr_en) which is driven by a register (veerwolf/axi_intercon/axi_xbar/gen_slv_port_demux[1].i_axi_demux/gen_demux.i_w_fifo/mem_q_reg[7][1]) that has an active asychronous set or reset. This may cause corruption of the memory contents and/or read values when the set/reset is asserted and is not analyzed by the default static timing analysis. It is suggested to eliminate the use of a set/reset to registers driving this RAMB pin or else use a synchronous reset in which the assertion of the reset is timed by default.
Related violations: <none>

REQP-1839#17 Warning
RAMB36 async control check  
The RAMB36E1 ram/mem_reg_0_0 has an input control pin ram/mem_reg_0_0/ENARDEN (net: ram/mem_wr_en) which is driven by a register (veerwolf/axi_intercon/axi_xbar/gen_slv_port_demux[1].i_axi_demux/gen_demux.i_w_fifo/mem_q_reg[8][0]) that has an active asychronous set or reset. This may cause corruption of the memory contents and/or read values when the set/reset is asserted and is not analyzed by the default static timing analysis. It is suggested to eliminate the use of a set/reset to registers driving this RAMB pin or else use a synchronous reset in which the assertion of the reset is timed by default.
Related violations: <none>

REQP-1839#18 Warning
RAMB36 async control check  
The RAMB36E1 ram/mem_reg_0_0 has an input control pin ram/mem_reg_0_0/ENARDEN (net: ram/mem_wr_en) which is driven by a register (veerwolf/axi_intercon/axi_xbar/gen_slv_port_demux[1].i_axi_demux/gen_demux.i_w_fifo/mem_q_reg[8][1]) that has an active asychronous set or reset. This may cause corruption of the memory contents and/or read values when the set/reset is asserted and is not analyzed by the default static timing analysis. It is suggested to eliminate the use of a set/reset to registers driving this RAMB pin or else use a synchronous reset in which the assertion of the reset is timed by default.
Related violations: <none>

REQP-1839#19 Warning
RAMB36 async control check  
The RAMB36E1 ram/mem_reg_0_0 has an input control pin ram/mem_reg_0_0/ENARDEN (net: ram/mem_wr_en) which is driven by a register (veerwolf/axi_intercon/axi_xbar/gen_slv_port_demux[1].i_axi_demux/gen_demux.i_w_fifo/mem_q_reg[9][0]) that has an active asychronous set or reset. This may cause corruption of the memory contents and/or read values when the set/reset is asserted and is not analyzed by the default static timing analysis. It is suggested to eliminate the use of a set/reset to registers driving this RAMB pin or else use a synchronous reset in which the assertion of the reset is timed by default.
Related violations: <none>

REQP-1839#20 Warning
RAMB36 async control check  
The RAMB36E1 ram/mem_reg_0_0 has an input control pin ram/mem_reg_0_0/ENARDEN (net: ram/mem_wr_en) which is driven by a register (veerwolf/axi_intercon/axi_xbar/gen_slv_port_demux[1].i_axi_demux/gen_demux.i_w_fifo/mem_q_reg[9][1]) that has an active asychronous set or reset. This may cause corruption of the memory contents and/or read values when the set/reset is asserted and is not analyzed by the default static timing analysis. It is suggested to eliminate the use of a set/reset to registers driving this RAMB pin or else use a synchronous reset in which the assertion of the reset is timed by default.
Related violations: <none>

REQP-1840#1 Warning
RAMB18 async control check  
The RAMB18E1 veerwolf/rvtop/mem/Gen_dccm_enable.dccm/mem_bank[0].dccm.dccm_bank/ram_core_reg_1 has an input control pin veerwolf/rvtop/mem/Gen_dccm_enable.dccm/mem_bank[0].dccm.dccm_bank/ram_core_reg_1/ADDRARDADDR[13] (net: veerwolf/rvtop/mem/Gen_dccm_enable.dccm/mem_bank[0].dccm.dccm_bank/ADR[9]) which is driven by a register (veerwolf/rvtop/veer/dec/decode/cam_array[0].cam_ff/genblock.dff/genblock.dffs/dout_reg[0]) that has an active asychronous set or reset. This may cause corruption of the memory contents and/or read values when the set/reset is asserted and is not analyzed by the default static timing analysis. It is suggested to eliminate the use of a set/reset to registers driving this RAMB pin or else use a synchronous reset in which the assertion of the reset is timed by default.
Related violations: <none>

REQP-1840#2 Warning
RAMB18 async control check  
The RAMB18E1 veerwolf/rvtop/mem/Gen_dccm_enable.dccm/mem_bank[0].dccm.dccm_bank/ram_core_reg_1 has an input control pin veerwolf/rvtop/mem/Gen_dccm_enable.dccm/mem_bank[0].dccm.dccm_bank/ram_core_reg_1/ADDRARDADDR[13] (net: veerwolf/rvtop/mem/Gen_dccm_enable.dccm/mem_bank[0].dccm.dccm_bank/ADR[9]) which is driven by a register (veerwolf/rvtop/veer/dec/decode/cam_array[0].cam_ff/genblock.dff/genblock.dffs/dout_reg[1]) that has an active asychronous set or reset. This may cause corruption of the memory contents and/or read values when the set/reset is asserted and is not analyzed by the default static timing analysis. It is suggested to eliminate the use of a set/reset to registers driving this RAMB pin or else use a synchronous reset in which the assertion of the reset is timed by default.
Related violations: <none>

REQP-1840#3 Warning
RAMB18 async control check  
The RAMB18E1 veerwolf/rvtop/mem/Gen_dccm_enable.dccm/mem_bank[0].dccm.dccm_bank/ram_core_reg_1 has an input control pin veerwolf/rvtop/mem/Gen_dccm_enable.dccm/mem_bank[0].dccm.dccm_bank/ram_core_reg_1/ADDRARDADDR[13] (net: veerwolf/rvtop/mem/Gen_dccm_enable.dccm/mem_bank[0].dccm.dccm_bank/ADR[9]) which is driven by a register (veerwolf/rvtop/veer/dec/decode/cam_array[0].cam_ff/genblock.dff/genblock.dffs/dout_reg[2]) that has an active asychronous set or reset. This may cause corruption of the memory contents and/or read values when the set/reset is asserted and is not analyzed by the default static timing analysis. It is suggested to eliminate the use of a set/reset to registers driving this RAMB pin or else use a synchronous reset in which the assertion of the reset is timed by default.
Related violations: <none>

REQP-1840#4 Warning
RAMB18 async control check  
The RAMB18E1 veerwolf/rvtop/mem/Gen_dccm_enable.dccm/mem_bank[0].dccm.dccm_bank/ram_core_reg_1 has an input control pin veerwolf/rvtop/mem/Gen_dccm_enable.dccm/mem_bank[0].dccm.dccm_bank/ram_core_reg_1/ADDRARDADDR[13] (net: veerwolf/rvtop/mem/Gen_dccm_enable.dccm/mem_bank[0].dccm.dccm_bank/ADR[9]) which is driven by a register (veerwolf/rvtop/veer/dec/decode/cam_array[0].cam_ff/genblock.dff/genblock.dffs/dout_reg[3]) that has an active asychronous set or reset. This may cause corruption of the memory contents and/or read values when the set/reset is asserted and is not analyzed by the default static timing analysis. It is suggested to eliminate the use of a set/reset to registers driving this RAMB pin or else use a synchronous reset in which the assertion of the reset is timed by default.
Related violations: <none>

REQP-1840#5 Warning
RAMB18 async control check  
The RAMB18E1 veerwolf/rvtop/mem/Gen_dccm_enable.dccm/mem_bank[0].dccm.dccm_bank/ram_core_reg_1 has an input control pin veerwolf/rvtop/mem/Gen_dccm_enable.dccm/mem_bank[0].dccm.dccm_bank/ram_core_reg_1/ADDRARDADDR[13] (net: veerwolf/rvtop/mem/Gen_dccm_enable.dccm/mem_bank[0].dccm.dccm_bank/ADR[9]) which is driven by a register (veerwolf/rvtop/veer/dec/decode/cam_array[0].cam_ff/genblock.dff/genblock.dffs/dout_reg[4]) that has an active asychronous set or reset. This may cause corruption of the memory contents and/or read values when the set/reset is asserted and is not analyzed by the default static timing analysis. It is suggested to eliminate the use of a set/reset to registers driving this RAMB pin or else use a synchronous reset in which the assertion of the reset is timed by default.
Related violations: <none>

REQP-1840#6 Warning
RAMB18 async control check  
The RAMB18E1 veerwolf/rvtop/mem/Gen_dccm_enable.dccm/mem_bank[0].dccm.dccm_bank/ram_core_reg_1 has an input control pin veerwolf/rvtop/mem/Gen_dccm_enable.dccm/mem_bank[0].dccm.dccm_bank/ram_core_reg_1/ADDRARDADDR[13] (net: veerwolf/rvtop/mem/Gen_dccm_enable.dccm/mem_bank[0].dccm.dccm_bank/ADR[9]) which is driven by a register (veerwolf/rvtop/veer/dec/decode/cam_array[0].cam_ff/genblock.dff/genblock.dffs/dout_reg[5]) that has an active asychronous set or reset. This may cause corruption of the memory contents and/or read values when the set/reset is asserted and is not analyzed by the default static timing analysis. It is suggested to eliminate the use of a set/reset to registers driving this RAMB pin or else use a synchronous reset in which the assertion of the reset is timed by default.
Related violations: <none>

REQP-1840#7 Warning
RAMB18 async control check  
The RAMB18E1 veerwolf/rvtop/mem/Gen_dccm_enable.dccm/mem_bank[0].dccm.dccm_bank/ram_core_reg_1 has an input control pin veerwolf/rvtop/mem/Gen_dccm_enable.dccm/mem_bank[0].dccm.dccm_bank/ram_core_reg_1/ADDRARDADDR[13] (net: veerwolf/rvtop/mem/Gen_dccm_enable.dccm/mem_bank[0].dccm.dccm_bank/ADR[9]) which is driven by a register (veerwolf/rvtop/veer/dec/decode/cam_array[0].cam_ff/genblock.dff/genblock.dffs/dout_reg[6]) that has an active asychronous set or reset. This may cause corruption of the memory contents and/or read values when the set/reset is asserted and is not analyzed by the default static timing analysis. It is suggested to eliminate the use of a set/reset to registers driving this RAMB pin or else use a synchronous reset in which the assertion of the reset is timed by default.
Related violations: <none>

REQP-1840#8 Warning
RAMB18 async control check  
The RAMB18E1 veerwolf/rvtop/mem/Gen_dccm_enable.dccm/mem_bank[0].dccm.dccm_bank/ram_core_reg_1 has an input control pin veerwolf/rvtop/mem/Gen_dccm_enable.dccm/mem_bank[0].dccm.dccm_bank/ram_core_reg_1/ADDRARDADDR[13] (net: veerwolf/rvtop/mem/Gen_dccm_enable.dccm/mem_bank[0].dccm.dccm_bank/ADR[9]) which is driven by a register (veerwolf/rvtop/veer/dec/decode/cam_array[0].cam_ff/genblock.dff/genblock.dffs/dout_reg[9]) that has an active asychronous set or reset. This may cause corruption of the memory contents and/or read values when the set/reset is asserted and is not analyzed by the default static timing analysis. It is suggested to eliminate the use of a set/reset to registers driving this RAMB pin or else use a synchronous reset in which the assertion of the reset is timed by default.
Related violations: <none>

REQP-1840#9 Warning
RAMB18 async control check  
The RAMB18E1 veerwolf/rvtop/mem/Gen_dccm_enable.dccm/mem_bank[0].dccm.dccm_bank/ram_core_reg_1 has an input control pin veerwolf/rvtop/mem/Gen_dccm_enable.dccm/mem_bank[0].dccm.dccm_bank/ram_core_reg_1/ADDRARDADDR[13] (net: veerwolf/rvtop/mem/Gen_dccm_enable.dccm/mem_bank[0].dccm.dccm_bank/ADR[9]) which is driven by a register (veerwolf/rvtop/veer/dec/decode/cam_array[2].cam_ff/genblock.dff/genblock.dffs/dout_reg[3]) that has an active asychronous set or reset. This may cause corruption of the memory contents and/or read values when the set/reset is asserted and is not analyzed by the default static timing analysis. It is suggested to eliminate the use of a set/reset to registers driving this RAMB pin or else use a synchronous reset in which the assertion of the reset is timed by default.
Related violations: <none>

REQP-1840#10 Warning
RAMB18 async control check  
The RAMB18E1 veerwolf/rvtop/mem/Gen_dccm_enable.dccm/mem_bank[0].dccm.dccm_bank/ram_core_reg_1 has an input control pin veerwolf/rvtop/mem/Gen_dccm_enable.dccm/mem_bank[0].dccm.dccm_bank/ram_core_reg_1/ADDRARDADDR[13] (net: veerwolf/rvtop/mem/Gen_dccm_enable.dccm/mem_bank[0].dccm.dccm_bank/ADR[9]) which is driven by a register (veerwolf/rvtop/veer/dec/decode/i0rdff/genblock.genblock.dff/genblock.dffs/dout_reg[0]) that has an active asychronous set or reset. This may cause corruption of the memory contents and/or read values when the set/reset is asserted and is not analyzed by the default static timing analysis. It is suggested to eliminate the use of a set/reset to registers driving this RAMB pin or else use a synchronous reset in which the assertion of the reset is timed by default.
Related violations: <none>

REQP-1840#11 Warning
RAMB18 async control check  
The RAMB18E1 veerwolf/rvtop/mem/Gen_dccm_enable.dccm/mem_bank[0].dccm.dccm_bank/ram_core_reg_1 has an input control pin veerwolf/rvtop/mem/Gen_dccm_enable.dccm/mem_bank[0].dccm.dccm_bank/ram_core_reg_1/ADDRARDADDR[13] (net: veerwolf/rvtop/mem/Gen_dccm_enable.dccm/mem_bank[0].dccm.dccm_bank/ADR[9]) which is driven by a register (veerwolf/rvtop/veer/dec/decode/i0rdff/genblock.genblock.dff/genblock.dffs/dout_reg[1]) that has an active asychronous set or reset. This may cause corruption of the memory contents and/or read values when the set/reset is asserted and is not analyzed by the default static timing analysis. It is suggested to eliminate the use of a set/reset to registers driving this RAMB pin or else use a synchronous reset in which the assertion of the reset is timed by default.
Related violations: <none>

REQP-1840#12 Warning
RAMB18 async control check  
The RAMB18E1 veerwolf/rvtop/mem/Gen_dccm_enable.dccm/mem_bank[0].dccm.dccm_bank/ram_core_reg_1 has an input control pin veerwolf/rvtop/mem/Gen_dccm_enable.dccm/mem_bank[0].dccm.dccm_bank/ram_core_reg_1/ADDRARDADDR[13] (net: veerwolf/rvtop/mem/Gen_dccm_enable.dccm/mem_bank[0].dccm.dccm_bank/ADR[9]) which is driven by a register (veerwolf/rvtop/veer/dec/decode/i0rdff/genblock.genblock.dff/genblock.dffs/dout_reg[2]) that has an active asychronous set or reset. This may cause corruption of the memory contents and/or read values when the set/reset is asserted and is not analyzed by the default static timing analysis. It is suggested to eliminate the use of a set/reset to registers driving this RAMB pin or else use a synchronous reset in which the assertion of the reset is timed by default.
Related violations: <none>

REQP-1840#13 Warning
RAMB18 async control check  
The RAMB18E1 veerwolf/rvtop/mem/Gen_dccm_enable.dccm/mem_bank[0].dccm.dccm_bank/ram_core_reg_1 has an input control pin veerwolf/rvtop/mem/Gen_dccm_enable.dccm/mem_bank[0].dccm.dccm_bank/ram_core_reg_1/ADDRARDADDR[13] (net: veerwolf/rvtop/mem/Gen_dccm_enable.dccm/mem_bank[0].dccm.dccm_bank/ADR[9]) which is driven by a register (veerwolf/rvtop/veer/dec/decode/i0rdff/genblock.genblock.dff/genblock.dffs/dout_reg[3]) that has an active asychronous set or reset. This may cause corruption of the memory contents and/or read values when the set/reset is asserted and is not analyzed by the default static timing analysis. It is suggested to eliminate the use of a set/reset to registers driving this RAMB pin or else use a synchronous reset in which the assertion of the reset is timed by default.
Related violations: <none>

REQP-1840#14 Warning
RAMB18 async control check  
The RAMB18E1 veerwolf/rvtop/mem/Gen_dccm_enable.dccm/mem_bank[0].dccm.dccm_bank/ram_core_reg_1 has an input control pin veerwolf/rvtop/mem/Gen_dccm_enable.dccm/mem_bank[0].dccm.dccm_bank/ram_core_reg_1/ADDRARDADDR[13] (net: veerwolf/rvtop/mem/Gen_dccm_enable.dccm/mem_bank[0].dccm.dccm_bank/ADR[9]) which is driven by a register (veerwolf/rvtop/veer/dec/decode/i0rdff/genblock.genblock.dff/genblock.dffs/dout_reg[4]) that has an active asychronous set or reset. This may cause corruption of the memory contents and/or read values when the set/reset is asserted and is not analyzed by the default static timing analysis. It is suggested to eliminate the use of a set/reset to registers driving this RAMB pin or else use a synchronous reset in which the assertion of the reset is timed by default.
Related violations: <none>

REQP-1840#15 Warning
RAMB18 async control check  
The RAMB18E1 veerwolf/rvtop/mem/Gen_dccm_enable.dccm/mem_bank[0].dccm.dccm_bank/ram_core_reg_1 has an input control pin veerwolf/rvtop/mem/Gen_dccm_enable.dccm/mem_bank[0].dccm.dccm_bank/ram_core_reg_1/ADDRARDADDR[13] (net: veerwolf/rvtop/mem/Gen_dccm_enable.dccm/mem_bank[0].dccm.dccm_bank/ADR[9]) which is driven by a register (veerwolf/rvtop/veer/dec/decode/write_csr_ff/genblock.genblock.dff/genblock.dffs/dout_reg[0]) that has an active asychronous set or reset. This may cause corruption of the memory contents and/or read values when the set/reset is asserted and is not analyzed by the default static timing analysis. It is suggested to eliminate the use of a set/reset to registers driving this RAMB pin or else use a synchronous reset in which the assertion of the reset is timed by default.
Related violations: <none>

REQP-1840#16 Warning
RAMB18 async control check  
The RAMB18E1 veerwolf/rvtop/mem/Gen_dccm_enable.dccm/mem_bank[0].dccm.dccm_bank/ram_core_reg_1 has an input control pin veerwolf/rvtop/mem/Gen_dccm_enable.dccm/mem_bank[0].dccm.dccm_bank/ram_core_reg_1/ADDRARDADDR[13] (net: veerwolf/rvtop/mem/Gen_dccm_enable.dccm/mem_bank[0].dccm.dccm_bank/ADR[9]) which is driven by a register (veerwolf/rvtop/veer/dec/decode/write_csr_ff/genblock.genblock.dff/genblock.dffs/dout_reg[11]) that has an active asychronous set or reset. This may cause corruption of the memory contents and/or read values when the set/reset is asserted and is not analyzed by the default static timing analysis. It is suggested to eliminate the use of a set/reset to registers driving this RAMB pin or else use a synchronous reset in which the assertion of the reset is timed by default.
Related violations: <none>

REQP-1840#17 Warning
RAMB18 async control check  
The RAMB18E1 veerwolf/rvtop/mem/Gen_dccm_enable.dccm/mem_bank[0].dccm.dccm_bank/ram_core_reg_1 has an input control pin veerwolf/rvtop/mem/Gen_dccm_enable.dccm/mem_bank[0].dccm.dccm_bank/ram_core_reg_1/ADDRARDADDR[13] (net: veerwolf/rvtop/mem/Gen_dccm_enable.dccm/mem_bank[0].dccm.dccm_bank/ADR[9]) which is driven by a register (veerwolf/rvtop/veer/dec/decode/write_csr_ff/genblock.genblock.dff/genblock.dffs/dout_reg[28]) that has an active asychronous set or reset. This may cause corruption of the memory contents and/or read values when the set/reset is asserted and is not analyzed by the default static timing analysis. It is suggested to eliminate the use of a set/reset to registers driving this RAMB pin or else use a synchronous reset in which the assertion of the reset is timed by default.
Related violations: <none>

REQP-1840#18 Warning
RAMB18 async control check  
The RAMB18E1 veerwolf/rvtop/mem/Gen_dccm_enable.dccm/mem_bank[0].dccm.dccm_bank/ram_core_reg_1 has an input control pin veerwolf/rvtop/mem/Gen_dccm_enable.dccm/mem_bank[0].dccm.dccm_bank/ram_core_reg_1/ADDRARDADDR[13] (net: veerwolf/rvtop/mem/Gen_dccm_enable.dccm/mem_bank[0].dccm.dccm_bank/ADR[9]) which is driven by a register (veerwolf/rvtop/veer/dec/decode/write_csr_ff/genblock.genblock.dff/genblock.dffs/dout_reg[29]) that has an active asychronous set or reset. This may cause corruption of the memory contents and/or read values when the set/reset is asserted and is not analyzed by the default static timing analysis. It is suggested to eliminate the use of a set/reset to registers driving this RAMB pin or else use a synchronous reset in which the assertion of the reset is timed by default.
Related violations: <none>

REQP-1840#19 Warning
RAMB18 async control check  
The RAMB18E1 veerwolf/rvtop/mem/Gen_dccm_enable.dccm/mem_bank[0].dccm.dccm_bank/ram_core_reg_1 has an input control pin veerwolf/rvtop/mem/Gen_dccm_enable.dccm/mem_bank[0].dccm.dccm_bank/ram_core_reg_1/ADDRARDADDR[13] (net: veerwolf/rvtop/mem/Gen_dccm_enable.dccm/mem_bank[0].dccm.dccm_bank/ADR[9]) which is driven by a register (veerwolf/rvtop/veer/dec/decode/write_csr_ff/genblock.genblock.dff/genblock.dffs/dout_reg[30]) that has an active asychronous set or reset. This may cause corruption of the memory contents and/or read values when the set/reset is asserted and is not analyzed by the default static timing analysis. It is suggested to eliminate the use of a set/reset to registers driving this RAMB pin or else use a synchronous reset in which the assertion of the reset is timed by default.
Related violations: <none>

REQP-1840#20 Warning
RAMB18 async control check  
The RAMB18E1 veerwolf/rvtop/mem/Gen_dccm_enable.dccm/mem_bank[0].dccm.dccm_bank/ram_core_reg_1 has an input control pin veerwolf/rvtop/mem/Gen_dccm_enable.dccm/mem_bank[0].dccm.dccm_bank/ram_core_reg_1/ADDRARDADDR[13] (net: veerwolf/rvtop/mem/Gen_dccm_enable.dccm/mem_bank[0].dccm.dccm_bank/ADR[9]) which is driven by a register (veerwolf/rvtop/veer/dec/decode/write_csr_ff/genblock.genblock.dff/genblock.dffs/dout_reg[7]) that has an active asychronous set or reset. This may cause corruption of the memory contents and/or read values when the set/reset is asserted and is not analyzed by the default static timing analysis. It is suggested to eliminate the use of a set/reset to registers driving this RAMB pin or else use a synchronous reset in which the assertion of the reset is timed by default.
Related violations: <none>


